// Jest Snapshot v1, https://goo.gl/fbAQLP

exports[`Create Postbox 1`] = `"<div id=\\"nikas-root\\"></div><div class=\\"nikas-postbox\\"><div class=\\"nikas-form-wrapper\\"><div class=\\"nikas-textarea-wrapper\\"><div class=\\"nikas-textarea nikas-placeholder\\" contenteditable=\\"true\\">Type Comment Here (at least 3 chars)</div><div class=\\"nikas-preview\\"><div class=\\"nikas-comment\\"><div class=\\"nikas-text-wrapper\\"><div class=\\"nikas-text\\"></div></div></div></div></div><section class=\\"nikas-auth-section\\"><p class=\\"nikas-input-wrapper\\"><input type=\\"text\\" name=\\"author\\" placeholder=\\"Name (optional)\\" value=\\"\\"></p><p class=\\"nikas-input-wrapper\\"><input type=\\"email\\" name=\\"email\\" placeholder=\\"E-mail (optional)\\" value=\\"\\"></p><p class=\\"nikas-input-wrapper\\"><input type=\\"text\\" name=\\"website\\" placeholder=\\"Website (optional)\\" value=\\"\\"></p><p class=\\"nikas-post-action\\"><input type=\\"submit\\" value=\\"Submit\\"></p><p class=\\"nikas-post-action\\"><input type=\\"button\\" name=\\"preview\\" value=\\"Preview\\"></p><p class=\\"nikas-post-action\\"><input type=\\"button\\" name=\\"edit\\" value=\\"Edit\\"></p></section><section class=\\"nikas-notification-section\\" style=\\"display: none;\\"><label><input type=\\"checkbox\\" name=\\"notification\\">Subscribe to email notification of replies</label></section></div></div>"`;
